▲ Next.js 16.3.0 (Turbopack)
✓ Running next.config.ts took 32ms
- Experiments (use with caution):
  ✓ globalNotFound

⚠ The "middleware" file convention is deprecated. Please use "proxy" instead.

  To migrate automatically, run:
  npx @next/codemod@canary middleware-to-proxy .

  Learn more: https://nextjs.org/docs/messages/middleware-to-proxy
  Creating an optimized production build ...
✓ Compiled successfully in 8.6s
  Running TypeScript ...
⚠ `experimental.useTypeScriptCli` checks the complete TypeScript project; `--debug-build-paths` does not limit type checking.
  Finished TypeScript in 35.9s ...
  Collecting page data using 3 workers ...
[constants] NEXT_PUBLIC_BASE_URL is not set. Using fallback: https://yolos.net
[constants] NEXT_PUBLIC_BASE_URL is not set. Using fallback: https://yolos.net
[constants] NEXT_PUBLIC_BASE_URL is not set. Using fallback: https://yolos.net
  Generating static pages using 3 workers (0/5) ...
[constants] NEXT_PUBLIC_BASE_URL is not set. Using fallback: https://yolos.net
⚠ metadataBase property in metadata export is not set for resolving social open graph or twitter images, using "http://localhost:3000". See https://nextjs.org/docs/app/api-reference/functions/generate-metadata#metadatabase
  Generating static pages using 3 workers (1/5) 
  Generating static pages using 3 workers (2/5) 
  Generating static pages using 3 workers (3/5) 
✓ Generating static pages using 3 workers (5/5) in 611ms
  Finalizing page optimization ...

Route (app)
┌ ○ /_not-found
├ ƒ /play/irodori
├ ○ /play/kanji-kanaru
├ ○ /tools/image-resizer
└ ○ /tools/password-generator


ƒ Proxy (Middleware)

○  (Static)   prerendered as static content
ƒ  (Dynamic)  server-rendered on demand

