▲ Next.js 16.3.0 (Turbopack)
✓ Running next.config.ts took 29ms
- Experiments (use with caution):
  ✓ globalNotFound

⚠ The "middleware" file convention is deprecated. Please use "proxy" instead.

  To migrate automatically, run:
  npx @next/codemod@canary middleware-to-proxy .

  Learn more: https://nextjs.org/docs/messages/middleware-to-proxy
  Creating an optimized production build ...
✓ Compiled successfully in 665ms
  Running TypeScript ...
⚠ `experimental.useTypeScriptCli` checks the complete TypeScript project; `--debug-build-paths` does not limit type checking.
  Finished TypeScript in 21.2s ...
  Collecting page data using 3 workers ...
[constants] NEXT_PUBLIC_BASE_URL is not set. Using fallback: https://yolos.net
[constants] NEXT_PUBLIC_BASE_URL is not set. Using fallback: https://yolos.net
[constants] NEXT_PUBLIC_BASE_URL is not set. Using fallback: https://yolos.net
  Generating static pages using 3 workers (0/3) ...
⚠ metadataBase property in metadata export is not set for resolving social open graph or twitter images, using "http://localhost:3000". See https://nextjs.org/docs/app/api-reference/functions/generate-metadata#metadatabase
[constants] NEXT_PUBLIC_BASE_URL is not set. Using fallback: https://yolos.net
✓ Generating static pages using 3 workers (3/3) in 265ms
  Finalizing page optimization ...

Route (app)
┌ ○ /_not-found
├ ○ /play/kanji-kanaru
└ ƒ /play/nakamawake


ƒ Proxy (Middleware)

○  (Static)   prerendered as static content
ƒ  (Dynamic)  server-rendered on demand

